<?xml version="1.0" encoding="UTF-8"?>
<TestRun id="b831bd42-9f17-4276-acbe-754a01fb7a90" name="Administrator@POOH-PC 2014-06-11 19:28:03" runUser="Pooh-PC\Administrator" xmlns="http://microsoft.com/schemas/VisualStudio/TeamTest/2010">
  <TestSettings name="Local" id="0f5ccd24-3add-4bcc-bfce-3df46712b220">
    <Description>These are default test settings for a local test run.</Description>
    <Deployment enabled="false" runDeploymentRoot="Administrator_POOH-PC 2014-06-11 19_28_03">
      <DeploymentItem filename="D:\NIDA Software Engineer #3\CI7912 - Object-Oriented Analysis and Design\Project\NHibernate-3.3.3.GA-bin\Required_Bins\Iesi.Collections.dll" />
      <DeploymentItem filename="D:\NIDA Software Engineer #3\CI7912 - Object-Oriented Analysis and Design\Project\Survey\Survey\bin\Debug\SurveyModel.dll" />
      <DeploymentItem filename="D:\NIDA Software Engineer #3\CI7912 - Object-Oriented Analysis and Design\Project\NHibernate-3.3.3.GA-bin\Required_Bins\NHibernate.dll" />
      <DeploymentItem filename="D:\NIDA Software Engineer #3\CI7912 - Object-Oriented Analysis and Design\Project\Survey\SurveyORM\bin\Debug\SurveyORM.dll" />
    </Deployment>
    <Execution>
      <TestTypeSpecific />
      <AgentRule name="Execution Agents">
      </AgentRule>
    </Execution>
  </TestSettings>
  <Times creation="2014-06-11T19:28:03.3452581+07:00" queuing="2014-06-11T19:28:07.7065076+07:00" start="2014-06-11T19:28:07.9205198+07:00" finish="2014-06-11T19:28:16.7850269+07:00" />
  <ResultSummary outcome="Completed">
    <Counters total="1" executed="1" passed="1" error="0" failed="0" timeout="0" aborted="0" inconclusive="0" passedButRunAborted="0" notRunnable="0" notExecuted="0" disconnected="0" warning="0" completed="0" inProgress="0" pending="0" />
  </ResultSummary>
  <TestDefinitions>
    <UnitTest name="Test_Create_and_Persist_Survey_Form1" storage="d:\nida software engineer #3\ci7912 - object-oriented analysis and design\project\survey\testsurvey\bin\debug\testsurvey.dll" id="0c8d2f84-fd80-6888-48f9-35c986fefc6b">
      <Execution id="a10f7e2b-128e-4bec-8728-0d95068d7b6f" />
      <TestMethod codeBase="D:/NIDA Software Engineer #3/CI7912 - Object-Oriented Analysis and Design/Project/Survey/TestSurvey/bin/Debug/TestSurvey.DLL" adapterTypeName="Microsoft.VisualStudio.TestTools.TestTypes.Unit.UnitTestAdapter, Microsoft.VisualStudio.QualityTools.Tips.UnitTest.Adapter, Version=10.0.0.0, Culture=neutral, PublicKeyToken=b03f5f7f11d50a3a" className="TestSurvey.UnitTest1, TestSurvey, Version=1.0.0.0, Culture=neutral, PublicKeyToken=null" name="Test_Create_and_Persist_Survey_Form1" />
    </UnitTest>
  </TestDefinitions>
  <TestLists>
    <TestList name="Results Not in a List" id="8c84fa94-04c1-424b-9868-57a2d4851a1d" />
    <TestList name="All Loaded Results" id="19431567-8539-422a-85d7-44ee4e166bda" />
  </TestLists>
  <TestEntries>
    <TestEntry testId="0c8d2f84-fd80-6888-48f9-35c986fefc6b" executionId="a10f7e2b-128e-4bec-8728-0d95068d7b6f" testListId="8c84fa94-04c1-424b-9868-57a2d4851a1d" />
  </TestEntries>
  <Results>
    <UnitTestResult executionId="a10f7e2b-128e-4bec-8728-0d95068d7b6f" testId="0c8d2f84-fd80-6888-48f9-35c986fefc6b" testName="Test_Create_and_Persist_Survey_Form1" computerName="POOH-PC" duration="00:00:06.0069325" startTime="2014-06-11T19:28:08.1265316+07:00" endTime="2014-06-11T19:28:15.1279321+07:00" testType="13cdc9d9-ddb5-4fa4-a97d-d965ccfc6d4b" outcome="Passed" testListId="8c84fa94-04c1-424b-9868-57a2d4851a1d" relativeResultsDirectory="a10f7e2b-128e-4bec-8728-0d95068d7b6f">
      <Output>
        <StdOut>NHibernate: 
    INSERT 
    INTO
        SurveyForm
        (EffectiveFrom, EffectiveTo, Title, Instructions, EndNote) 
    VALUES
        (@p0, @p1, @p2, @p3, @p4);
    select
        SCOPE_IDENTITY();
    @p0 = 6/11/2014 7:28:09 PM [Type: DateTime (0)],
    @p1 = 12/31/9999 11:59:59 PM [Type: DateTime (0)],
    @p2 = 'Survey Form 1' [Type: String (4000)],
    @p3 = 'Please answer all the questions.' [Type: String (4000)],
    @p4 = NULL [Type: String (4000)]
NHibernate: 
    INSERT 
    INTO
        SurveyQuestion
        (SurveyFormID, ParentID, SequenceNo, Title, Instructions, Weight, Discriminator) 
    VALUES
        (@p0, @p1, @p2, @p3, @p4, @p5, 1);
    select
        SCOPE_IDENTITY();
    @p0 = 1 [Type: Int32 (0)],
    @p1 = NULL [Type: Int32 (0)],
    @p2 = 1 [Type: Int32 (0)],
    @p3 = 'First section' [Type: String (4000)],
    @p4 = NULL [Type: String (4000)],
    @p5 = 0 [Type: Single (0)]
NHibernate: 
    INSERT 
    INTO
        SurveyQuestion
        (SurveyFormID, ParentID, SequenceNo, Title, Instructions, Weight, Discriminator) 
    VALUES
        (@p0, @p1, @p2, @p3, @p4, @p5, 1);
    select
        SCOPE_IDENTITY();
    @p0 = NULL [Type: Int32 (0)],
    @p1 = 1 [Type: Int32 (0)],
    @p2 = 1 [Type: Int32 (0)],
    @p3 = 'Personal Information' [Type: String (4000)],
    @p4 = NULL [Type: String (4000)],
    @p5 = 0 [Type: Single (0)]
NHibernate: 
    INSERT 
    INTO
        SurveyQuestion
        (SurveyFormID, ParentID, SequenceNo, Title, Instructions, Weight, MaxNumberOfSelection, MinNumberOfSelection, Discriminator) 
    VALUES
        (@p0, @p1, @p2, @p3, @p4, @p5, @p6, @p7, 2);
    select
        SCOPE_IDENTITY();
    @p0 = NULL [Type: Int32 (0)],
    @p1 = 2 [Type: Int32 (0)],
    @p2 = 1 [Type: Int32 (0)],
    @p3 = 'Your gender is' [Type: String (4000)],
    @p4 = NULL [Type: String (4000)],
    @p5 = 0 [Type: Single (0)],
    @p6 = 1 [Type: Int32 (0)],
    @p7 = 1 [Type: Int32 (0)]
NHibernate: 
    INSERT 
    INTO
        Choice
        (ParentID, SequenceNo, Title, Weight, FurtherQuestionID) 
    VALUES
        (@p0, @p1, @p2, @p3, @p4);
    select
        SCOPE_IDENTITY();
    @p0 = 3 [Type: Int32 (0)],
    @p1 = 1 [Type: Int32 (0)],
    @p2 = 'Male' [Type: String (4000)],
    @p3 = 0 [Type: Double (0)],
    @p4 = NULL [Type: Int32 (0)]
NHibernate: 
    INSERT 
    INTO
        Choice
        (ParentID, SequenceNo, Title, Weight, FurtherQuestionID) 
    VALUES
        (@p0, @p1, @p2, @p3, @p4);
    select
        SCOPE_IDENTITY();
    @p0 = 3 [Type: Int32 (0)],
    @p1 = 2 [Type: Int32 (0)],
    @p2 = 'Female' [Type: String (4000)],
    @p3 = 0 [Type: Double (0)],
    @p4 = NULL [Type: Int32 (0)]
NHibernate: 
    INSERT 
    INTO
        SurveyQuestion
        (SurveyFormID, ParentID, SequenceNo, Title, Instructions, Weight, DefaultValue, MaxValue, MinValue, TitleSuffix, Discriminator) 
    VALUES
        (@p0, @p1, @p2, @p3, @p4, @p5, @p6, @p7, @p8, @p9, 5);
    select
        SCOPE_IDENTITY();
    @p0 = NULL [Type: Int32 (0)],
    @p1 = 2 [Type: Int32 (0)],
    @p2 = 2 [Type: Int32 (0)],
    @p3 = 'Your age is' [Type: String (4000)],
    @p4 = NULL [Type: String (4000)],
    @p5 = 0 [Type: Single (0)],
    @p6 = 30 [Type: Int32 (0)],
    @p7 = 120 [Type: Int32 (0)],
    @p8 = 10 [Type: Int32 (0)],
    @p9 = 'years' [Type: String (4000)]
NHibernate: 
    INSERT 
    INTO
        SurveyQuestion
        (SurveyFormID, ParentID, SequenceNo, Title, Instructions, Weight, DefaultValue, MaxValue, MinValue, TitleSuffix, Discriminator) 
    VALUES
        (@p0, @p1, @p2, @p3, @p4, @p5, @p6, @p7, @p8, @p9, 6);
    select
        SCOPE_IDENTITY();
    @p0 = NULL [Type: Int32 (0)],
    @p1 = 2 [Type: Int32 (0)],
    @p2 = 3 [Type: Int32 (0)],
    @p3 = 'Your birth date is' [Type: String (4000)],
    @p4 = NULL [Type: String (4000)],
    @p5 = 0 [Type: Single (0)],
    @p6 = 1/1/1940 12:00:00 AM [Type: DateTime (0)],
    @p7 = 4/6/2000 12:00:00 AM [Type: DateTime (0)],
    @p8 = 1/1/1940 12:00:00 AM [Type: DateTime (0)],
    @p9 = NULL [Type: String (4000)]
NHibernate: 
    INSERT 
    INTO
        SurveyQuestion
        (SurveyFormID, ParentID, SequenceNo, Title, Instructions, Weight, Discriminator) 
    VALUES
        (@p0, @p1, @p2, @p3, @p4, @p5, 1);
    select
        SCOPE_IDENTITY();
    @p0 = NULL [Type: Int32 (0)],
    @p1 = 1 [Type: Int32 (0)],
    @p2 = 2 [Type: Int32 (0)],
    @p3 = 'Marriage' [Type: String (4000)],
    @p4 = NULL [Type: String (4000)],
    @p5 = 0 [Type: Single (0)]
NHibernate: 
    INSERT 
    INTO
        SurveyQuestion
        (SurveyFormID, ParentID, SequenceNo, Title, Instructions, Weight, MaxNumberOfSelection, MinNumberOfSelection, Discriminator) 
    VALUES
        (@p0, @p1, @p2, @p3, @p4, @p5, @p6, @p7, 2);
    select
        SCOPE_IDENTITY();
    @p0 = NULL [Type: Int32 (0)],
    @p1 = 6 [Type: Int32 (0)],
    @p2 = 1 [Type: Int32 (0)],
    @p3 = 'What is you marriage status?' [Type: String (4000)],
    @p4 = NULL [Type: String (4000)],
    @p5 = 0 [Type: Single (0)],
    @p6 = 1 [Type: Int32 (0)],
    @p7 = 1 [Type: Int32 (0)]
NHibernate: 
    INSERT 
    INTO
        SurveyQuestion
        (SurveyFormID, ParentID, SequenceNo, Title, Instructions, Weight, DefaultValue, MaxValue, MinValue, TitleSuffix, Discriminator) 
    VALUES
        (@p0, @p1, @p2, @p3, @p4, @p5, @p6, @p7, @p8, @p9, 5);
    select
        SCOPE_IDENTITY();
    @p0 = NULL [Type: Int32 (0)],
    @p1 = NULL [Type: Int32 (0)],
    @p2 = 0 [Type: Int32 (0)],
    @p3 = 'Your spouse age is ' [Type: String (4000)],
    @p4 = NULL [Type: String (4000)],
    @p5 = 0 [Type: Single (0)],
    @p6 = 5 [Type: Int32 (0)],
    @p7 = 0 [Type: Int32 (0)],
    @p8 = 0 [Type: Int32 (0)],
    @p9 = 'years' [Type: String (4000)]
NHibernate: 
    INSERT 
    INTO
        Choice
        (ParentID, SequenceNo, Title, Weight, FurtherQuestionID) 
    VALUES
        (@p0, @p1, @p2, @p3, @p4);
    select
        SCOPE_IDENTITY();
    @p0 = 7 [Type: Int32 (0)],
    @p1 = 1 [Type: Int32 (0)],
    @p2 = 'สมรส' [Type: String (4000)],
    @p3 = 0 [Type: Double (0)],
    @p4 = 8 [Type: Int32 (0)]
NHibernate: 
    INSERT 
    INTO
        Choice
        (ParentID, SequenceNo, Title, Weight, FurtherQuestionID) 
    VALUES
        (@p0, @p1, @p2, @p3, @p4);
    select
        SCOPE_IDENTITY();
    @p0 = 7 [Type: Int32 (0)],
    @p1 = 2 [Type: Int32 (0)],
    @p2 = 'โสด' [Type: String (4000)],
    @p3 = 0 [Type: Double (0)],
    @p4 = NULL [Type: Int32 (0)]
NHibernate: 
    INSERT 
    INTO
        Choice
        (ParentID, SequenceNo, Title, Weight, FurtherQuestionID) 
    VALUES
        (@p0, @p1, @p2, @p3, @p4);
    select
        SCOPE_IDENTITY();
    @p0 = 7 [Type: Int32 (0)],
    @p1 = 3 [Type: Int32 (0)],
    @p2 = 'หม้าย' [Type: String (4000)],
    @p3 = 0 [Type: Double (0)],
    @p4 = NULL [Type: Int32 (0)]
NHibernate: 
    INSERT 
    INTO
        SurveyQuestion
        (SurveyFormID, ParentID, SequenceNo, Title, Instructions, Weight, Discriminator) 
    VALUES
        (@p0, @p1, @p2, @p3, @p4, @p5, 1);
    select
        SCOPE_IDENTITY();
    @p0 = 1 [Type: Int32 (0)],
    @p1 = NULL [Type: Int32 (0)],
    @p2 = 2 [Type: Int32 (0)],
    @p3 = 'Education' [Type: String (4000)],
    @p4 = NULL [Type: String (4000)],
    @p5 = 0 [Type: Single (0)]
NHibernate: 
    INSERT 
    INTO
        SurveyQuestion
        (SurveyFormID, ParentID, SequenceNo, Title, Instructions, Weight, MaxNumberOfSelection, MinNumberOfSelection, Discriminator) 
    VALUES
        (@p0, @p1, @p2, @p3, @p4, @p5, @p6, @p7, 2);
    select
        SCOPE_IDENTITY();
    @p0 = NULL [Type: Int32 (0)],
    @p1 = 9 [Type: Int32 (0)],
    @p2 = 1 [Type: Int32 (0)],
    @p3 = 'Your education level is' [Type: String (4000)],
    @p4 = NULL [Type: String (4000)],
    @p5 = 0 [Type: Single (0)],
    @p6 = 1 [Type: Int32 (0)],
    @p7 = 1 [Type: Int32 (0)]
NHibernate: 
    INSERT 
    INTO
        Choice
        (ParentID, SequenceNo, Title, Weight, FurtherQuestionID) 
    VALUES
        (@p0, @p1, @p2, @p3, @p4);
    select
        SCOPE_IDENTITY();
    @p0 = 10 [Type: Int32 (0)],
    @p1 = 1 [Type: Int32 (0)],
    @p2 = 'Doctoral degree' [Type: String (4000)],
    @p3 = 0 [Type: Double (0)],
    @p4 = NULL [Type: Int32 (0)]
NHibernate: 
    INSERT 
    INTO
        Choice
        (ParentID, SequenceNo, Title, Weight, FurtherQuestionID) 
    VALUES
        (@p0, @p1, @p2, @p3, @p4);
    select
        SCOPE_IDENTITY();
    @p0 = 10 [Type: Int32 (0)],
    @p1 = 2 [Type: Int32 (0)],
    @p2 = 'Master degree' [Type: String (4000)],
    @p3 = 0 [Type: Double (0)],
    @p4 = NULL [Type: Int32 (0)]
NHibernate: 
    INSERT 
    INTO
        Choice
        (ParentID, SequenceNo, Title, Weight, FurtherQuestionID) 
    VALUES
        (@p0, @p1, @p2, @p3, @p4);
    select
        SCOPE_IDENTITY();
    @p0 = 10 [Type: Int32 (0)],
    @p1 = 3 [Type: Int32 (0)],
    @p2 = 'Bachelor degree' [Type: String (4000)],
    @p3 = 0 [Type: Double (0)],
    @p4 = NULL [Type: Int32 (0)]
NHibernate: 
    INSERT 
    INTO
        Choice
        (ParentID, SequenceNo, Title, Weight, FurtherQuestionID) 
    VALUES
        (@p0, @p1, @p2, @p3, @p4);
    select
        SCOPE_IDENTITY();
    @p0 = 10 [Type: Int32 (0)],
    @p1 = 4 [Type: Int32 (0)],
    @p2 = 'High school diploma' [Type: String (4000)],
    @p3 = 0 [Type: Double (0)],
    @p4 = NULL [Type: Int32 (0)]
NHibernate: 
    INSERT 
    INTO
        Choice
        (ParentID, SequenceNo, Title, Weight, FurtherQuestionID) 
    VALUES
        (@p0, @p1, @p2, @p3, @p4);
    select
        SCOPE_IDENTITY();
    @p0 = 10 [Type: Int32 (0)],
    @p1 = 5 [Type: Int32 (0)],
    @p2 = 'Below high school' [Type: String (4000)],
    @p3 = 0 [Type: Double (0)],
    @p4 = NULL [Type: Int32 (0)]
NHibernate: 
    INSERT 
    INTO
        SurveyQuestion
        (SurveyFormID, ParentID, SequenceNo, Title, Instructions, Weight, MaxNumberOfSelection, MinNumberOfSelection, Discriminator) 
    VALUES
        (@p0, @p1, @p2, @p3, @p4, @p5, @p6, @p7, 3);
    select
        SCOPE_IDENTITY();
    @p0 = NULL [Type: Int32 (0)],
    @p1 = 9 [Type: Int32 (0)],
    @p2 = 2 [Type: Int32 (0)],
    @p3 = 'Section B: Your Supervisor/Manager' [Type: String (4000)],
    @p4 = 'Please indicate your agreement or disagreement with the following statements about your immediate supervisor/manager or person to whom you directly report. Mark your answer by filling in the circle.' [Type: String (4000)],
    @p5 = 0 [Type: Single (0)],
    @p6 = 1 [Type: Int32 (0)],
    @p7 = 1 [Type: Int32 (0)]
NHibernate: 
    INSERT 
    INTO
        Choice
        (ParentID, SequenceNo, Title, Weight, FurtherQuestionID) 
    VALUES
        (@p0, @p1, @p2, @p3, @p4);
    select
        SCOPE_IDENTITY();
    @p0 = 11 [Type: Int32 (0)],
    @p1 = 1 [Type: Int32 (0)],
    @p2 = 'Strongly Disagree' [Type: String (4000)],
    @p3 = 1 [Type: Double (0)],
    @p4 = NULL [Type: Int32 (0)]
NHibernate: 
    INSERT 
    INTO
        Choice
        (ParentID, SequenceNo, Title, Weight, FurtherQuestionID) 
    VALUES
        (@p0, @p1, @p2, @p3, @p4);
    select
        SCOPE_IDENTITY();
    @p0 = 11 [Type: Int32 (0)],
    @p1 = 2 [Type: Int32 (0)],
    @p2 = 'Disagree' [Type: String (4000)],
    @p3 = 2 [Type: Double (0)],
    @p4 = NULL [Type: Int32 (0)]
NHibernate: 
    INSERT 
    INTO
        Choice
        (ParentID, SequenceNo, Title, Weight, FurtherQuestionID) 
    VALUES
        (@p0, @p1, @p2, @p3, @p4);
    select
        SCOPE_IDENTITY();
    @p0 = 11 [Type: Int32 (0)],
    @p1 = 3 [Type: Int32 (0)],
    @p2 = 'Neither' [Type: String (4000)],
    @p3 = 3 [Type: Double (0)],
    @p4 = NULL [Type: Int32 (0)]
NHibernate: 
    INSERT 
    INTO
        Choice
        (ParentID, SequenceNo, Title, Weight, FurtherQuestionID) 
    VALUES
        (@p0, @p1, @p2, @p3, @p4);
    select
        SCOPE_IDENTITY();
    @p0 = 11 [Type: Int32 (0)],
    @p1 = 4 [Type: Int32 (0)],
    @p2 = 'Agree' [Type: String (4000)],
    @p3 = 4 [Type: Double (0)],
    @p4 = NULL [Type: Int32 (0)]
NHibernate: 
    INSERT 
    INTO
        Choice
        (ParentID, SequenceNo, Title, Weight, FurtherQuestionID) 
    VALUES
        (@p0, @p1, @p2, @p3, @p4);
    select
        SCOPE_IDENTITY();
    @p0 = 11 [Type: Int32 (0)],
    @p1 = 5 [Type: Int32 (0)],
    @p2 = 'Strongly Agree' [Type: String (4000)],
    @p3 = 5 [Type: Double (0)],
    @p4 = NULL [Type: Int32 (0)]
NHibernate: 
    INSERT 
    INTO
        LikertItem
        (ParentID, SequenceNo, Title) 
    VALUES
        (@p0, @p1, @p2);
    select
        SCOPE_IDENTITY();
    @p0 = 11 [Type: Int32 (0)],
    @p1 = 1 [Type: Int32 (0)],
    @p2 = 'My supervisor/manager says a good word when he/she sees a job done according to established patient safety procedures' [Type: String (4000)]
NHibernate: 
    INSERT 
    INTO
        LikertItem
        (ParentID, SequenceNo, Title) 
    VALUES
        (@p0, @p1, @p2);
    select
        SCOPE_IDENTITY();
    @p0 = 11 [Type: Int32 (0)],
    @p1 = 2 [Type: Int32 (0)],
    @p2 = 'My supervisor/manager seriously considers staff suggestions for improving patient safety' [Type: String (4000)]
NHibernate: 
    INSERT 
    INTO
        LikertItem
        (ParentID, SequenceNo, Title) 
    VALUES
        (@p0, @p1, @p2);
    select
        SCOPE_IDENTITY();
    @p0 = 11 [Type: Int32 (0)],
    @p1 = 3 [Type: Int32 (0)],
    @p2 = 'Whenever pressure builds up, my supervisor/manager wants us to work faster, even if it means taking shortcuts' [Type: String (4000)]
NHibernate: 
    INSERT 
    INTO
        LikertItem
        (ParentID, SequenceNo, Title) 
    VALUES
        (@p0, @p1, @p2);
    select
        SCOPE_IDENTITY();
    @p0 = 11 [Type: Int32 (0)],
    @p1 = 4 [Type: Int32 (0)],
    @p2 = 'My supervisor/manager overlooks patient safety problems that happen over and over' [Type: String (4000)]</StdOut>
      </Output>
    </UnitTestResult>
  </Results>
</TestRun>