<?xml version="1.0" encoding="UTF-8"?>
<TestRun id="4bc25d51-415d-4a2a-b06a-cd2836e7b263" name="Administrator@POOH-PC 2014-06-12 15:12:21" runUser="Pooh-PC\Administrator" xmlns="http://microsoft.com/schemas/VisualStudio/TeamTest/2010">
  <TestSettings name="Local" id="0f5ccd24-3add-4bcc-bfce-3df46712b220">
    <Description>These are default test settings for a local test run.</Description>
    <Deployment enabled="false" runDeploymentRoot="Administrator_POOH-PC 2014-06-12 15_12_21">
      <DeploymentItem filename="D:\NIDA Software Engineer #3\CI7912 - Object-Oriented Analysis and Design\Project\NHibernate-3.3.3.GA-bin\Required_Bins\Iesi.Collections.dll" />
      <DeploymentItem filename="D:\NIDA Software Engineer #3\CI7912 - Object-Oriented Analysis and Design\Project\Survey\Survey\bin\Debug\SurveyModel.dll" />
      <DeploymentItem filename="D:\NIDA Software Engineer #3\CI7912 - Object-Oriented Analysis and Design\Project\NHibernate-3.3.3.GA-bin\Required_Bins\NHibernate.dll" />
      <DeploymentItem filename="D:\NIDA Software Engineer #3\CI7912 - Object-Oriented Analysis and Design\Project\Survey\SurveyORM\bin\Debug\SurveyORM.dll" />
    </Deployment>
    <Execution>
      <TestTypeSpecific />
      <AgentRule name="Execution Agents">
      </AgentRule>
    </Execution>
  </TestSettings>
  <Times creation="2014-06-12T15:12:21.1014279+07:00" queuing="2014-06-12T15:12:21.1844326+07:00" start="2014-06-12T15:12:21.1904330+07:00" finish="2014-06-12T15:12:26.7637518+07:00" />
  <ResultSummary outcome="Failed">
    <Counters total="1" executed="1" error="0" failed="1" timeout="0" aborted="0" inconclusive="0" passedButRunAborted="0" notRunnable="0" notExecuted="0" disconnected="0" warning="0" passed="0" completed="0" inProgress="0" pending="0" />
  </ResultSummary>
  <TestDefinitions>
    <UnitTest name="Test_Create_and_Persist_A_Response_Of_SurveyForm1" storage="d:\nida software engineer #3\ci7912 - object-oriented analysis and design\project\survey\testsurvey\bin\debug\testsurvey.dll" id="4b031f74-725d-08c9-c713-bb44629ef52e">
      <Execution id="fe3ce4f0-4dd3-4a16-bd23-115781b8924e" />
      <TestMethod codeBase="D:/NIDA Software Engineer #3/CI7912 - Object-Oriented Analysis and Design/Project/Survey/TestSurvey/bin/Debug/TestSurvey.DLL" adapterTypeName="Microsoft.VisualStudio.TestTools.TestTypes.Unit.UnitTestAdapter, Microsoft.VisualStudio.QualityTools.Tips.UnitTest.Adapter, Version=10.0.0.0, Culture=neutral, PublicKeyToken=b03f5f7f11d50a3a" className="TestSurvey.UnitTest1, TestSurvey, Version=1.0.0.0, Culture=neutral, PublicKeyToken=null" name="Test_Create_and_Persist_A_Response_Of_SurveyForm1" />
    </UnitTest>
  </TestDefinitions>
  <TestLists>
    <TestList name="Results Not in a List" id="8c84fa94-04c1-424b-9868-57a2d4851a1d" />
    <TestList name="All Loaded Results" id="19431567-8539-422a-85d7-44ee4e166bda" />
  </TestLists>
  <TestEntries>
    <TestEntry testId="4b031f74-725d-08c9-c713-bb44629ef52e" executionId="fe3ce4f0-4dd3-4a16-bd23-115781b8924e" testListId="8c84fa94-04c1-424b-9868-57a2d4851a1d" />
  </TestEntries>
  <Results>
    <UnitTestResult executionId="fe3ce4f0-4dd3-4a16-bd23-115781b8924e" testId="4b031f74-725d-08c9-c713-bb44629ef52e" testName="Test_Create_and_Persist_A_Response_Of_SurveyForm1" computerName="POOH-PC" duration="00:00:03.5992234" startTime="2014-06-12T15:12:21.2324354+07:00" endTime="2014-06-12T15:12:25.0316527+07:00" testType="13cdc9d9-ddb5-4fa4-a97d-d965ccfc6d4b" outcome="Failed" testListId="8c84fa94-04c1-424b-9868-57a2d4851a1d" relativeResultsDirectory="fe3ce4f0-4dd3-4a16-bd23-115781b8924e">
      <Output>
        <StdOut>NHibernate: 
    SELECT
        this_.ID as ID4_0_,
        this_.EffectiveFrom as Effectiv2_4_0_,
        this_.EffectiveTo as Effectiv3_4_0_,
        this_.Title as Title4_0_,
        this_.Instructions as Instruct5_4_0_,
        this_.EndNote as EndNote4_0_ 
    FROM
        SurveyForm this_ 
    WHERE
        (
            (
                this_.Title = @p0 
                and this_.EffectiveFrom &lt;= @p1
            ) 
            and this_.EffectiveTo &gt; @p2
        );
    @p0 = 'Survey Form 1' [Type: String (4000)], @p1 = 6/12/2014 3:12:21 PM [Type: DateTime (0)], @p2 = 6/12/2014 3:12:21 PM [Type: DateTime (0)]</StdOut>
        <ErrorInfo>
          <Message>Test method TestSurvey.UnitTest1.Test_Create_and_Persist_A_Response_Of_SurveyForm1 threw exception: 
NHibernate.NonUniqueResultException: query did not return a unique result: 2</Message>
          <StackTrace>    at NHibernate.Impl.AbstractQueryImpl.UniqueElement(IList list) in p:\nhibernate-core\src\NHibernate\Impl\AbstractQueryImpl.cs:line 975
   at NHibernate.Impl.CriteriaImpl.UniqueResult() in p:\nhibernate-core\src\NHibernate\Impl\CriteriaImpl.cs:line 428
   at NHibernate.Impl.CriteriaImpl.UniqueResult[T]() in p:\nhibernate-core\src\NHibernate\Impl\CriteriaImpl.cs:line 282
   at NHibernate.Criterion.QueryOver`1.SingleOrDefault() in p:\nhibernate-core\src\NHibernate\Criterion\QueryOver.cs:line 77
   at NHibernate.Criterion.QueryOver`1.NHibernate.IQueryOver&lt;TRoot&gt;.SingleOrDefault() in p:\nhibernate-core\src\NHibernate\Criterion\QueryOver.cs:line 232
   at TestSurvey.UnitTest1.Test_Create_and_Persist_A_Response_Of_SurveyForm1() in D:\NIDA Software Engineer #3\CI7912 - Object-Oriented Analysis and Design\Project\Survey\TestSurvey\UnitTest1.cs:line 269
</StackTrace>
        </ErrorInfo>
      </Output>
    </UnitTestResult>
  </Results>
</TestRun>