<?xml version="1.0" encoding="UTF-8"?>
<TestRun id="d9b41677-530e-48f9-b9d5-47ceb10a145e" name="Administrator@POOH-PC 2014-06-12 15:12:42" runUser="Pooh-PC\Administrator" xmlns="http://microsoft.com/schemas/VisualStudio/TeamTest/2010">
  <TestSettings name="Local" id="0f5ccd24-3add-4bcc-bfce-3df46712b220">
    <Description>These are default test settings for a local test run.</Description>
    <Deployment enabled="false" runDeploymentRoot="Administrator_POOH-PC 2014-06-12 15_12_42">
      <DeploymentItem filename="D:\NIDA Software Engineer #3\CI7912 - Object-Oriented Analysis and Design\Project\NHibernate-3.3.3.GA-bin\Required_Bins\Iesi.Collections.dll" />
      <DeploymentItem filename="D:\NIDA Software Engineer #3\CI7912 - Object-Oriented Analysis and Design\Project\Survey\Survey\bin\Debug\SurveyModel.dll" />
      <DeploymentItem filename="D:\NIDA Software Engineer #3\CI7912 - Object-Oriented Analysis and Design\Project\NHibernate-3.3.3.GA-bin\Required_Bins\NHibernate.dll" />
      <DeploymentItem filename="D:\NIDA Software Engineer #3\CI7912 - Object-Oriented Analysis and Design\Project\Survey\SurveyORM\bin\Debug\SurveyORM.dll" />
    </Deployment>
    <Execution>
      <TestTypeSpecific />
      <AgentRule name="Execution Agents">
      </AgentRule>
    </Execution>
  </TestSettings>
  <Times creation="2014-06-12T15:12:42.1696329+07:00" queuing="2014-06-12T15:12:42.2726388+07:00" start="2014-06-12T15:12:42.2776391+07:00" finish="2014-06-12T15:12:45.3428144+07:00" />
  <ResultSummary outcome="Completed">
    <Counters total="1" executed="1" passed="1" error="0" failed="0" timeout="0" aborted="0" inconclusive="0" passedButRunAborted="0" notRunnable="0" notExecuted="0" disconnected="0" warning="0" completed="0" inProgress="0" pending="0" />
  </ResultSummary>
  <TestDefinitions>
    <UnitTest name="Test_Getting_A_Persisted_Survey_Form" storage="d:\nida software engineer #3\ci7912 - object-oriented analysis and design\project\survey\testsurvey\bin\debug\testsurvey.dll" id="cebcec0f-3947-44af-49a0-2f9334917d37">
      <Execution id="95b6df41-ce38-4818-94af-98e117cc8c9d" />
      <TestMethod codeBase="D:/NIDA Software Engineer #3/CI7912 - Object-Oriented Analysis and Design/Project/Survey/TestSurvey/bin/Debug/TestSurvey.DLL" adapterTypeName="Microsoft.VisualStudio.TestTools.TestTypes.Unit.UnitTestAdapter, Microsoft.VisualStudio.QualityTools.Tips.UnitTest.Adapter, Version=10.0.0.0, Culture=neutral, PublicKeyToken=b03f5f7f11d50a3a" className="TestSurvey.UnitTest1, TestSurvey, Version=1.0.0.0, Culture=neutral, PublicKeyToken=null" name="Test_Getting_A_Persisted_Survey_Form" />
    </UnitTest>
  </TestDefinitions>
  <TestLists>
    <TestList name="Results Not in a List" id="8c84fa94-04c1-424b-9868-57a2d4851a1d" />
    <TestList name="All Loaded Results" id="19431567-8539-422a-85d7-44ee4e166bda" />
  </TestLists>
  <TestEntries>
    <TestEntry testId="cebcec0f-3947-44af-49a0-2f9334917d37" executionId="95b6df41-ce38-4818-94af-98e117cc8c9d" testListId="8c84fa94-04c1-424b-9868-57a2d4851a1d" />
  </TestEntries>
  <Results>
    <UnitTestResult executionId="95b6df41-ce38-4818-94af-98e117cc8c9d" testId="cebcec0f-3947-44af-49a0-2f9334917d37" testName="Test_Getting_A_Persisted_Survey_Form" computerName="POOH-PC" duration="00:00:02.8313449" startTime="2014-06-12T15:12:42.2806393+07:00" endTime="2014-06-12T15:12:45.3158129+07:00" testType="13cdc9d9-ddb5-4fa4-a97d-d965ccfc6d4b" outcome="Passed" testListId="8c84fa94-04c1-424b-9868-57a2d4851a1d" relativeResultsDirectory="95b6df41-ce38-4818-94af-98e117cc8c9d">
      <Output>
        <StdOut>NHibernate: 
    SELECT
        this_.ID as ID4_0_,
        this_.EffectiveFrom as Effectiv2_4_0_,
        this_.EffectiveTo as Effectiv3_4_0_,
        this_.Title as Title4_0_,
        this_.Instructions as Instruct5_4_0_,
        this_.EndNote as EndNote4_0_ 
    FROM
        SurveyForm this_ 
    WHERE
        (
            (
                this_.Title = @p0 
                and this_.EffectiveFrom &lt;= @p1
            ) 
            and this_.EffectiveTo &gt; @p2
        );
    @p0 = 'Survey Form 1' [Type: String (4000)], @p1 = 6/12/2014 12:00:00 AM [Type: DateTime (0)], @p2 = 6/12/2014 12:00:00 AM [Type: DateTime (0)]</StdOut>
      </Output>
    </UnitTestResult>
  </Results>
</TestRun>